// Jest Snapshot v1, https://goo.gl/fbAQLP

exports[`Gallery renders correctly 1`] = `
.c0 {
  display: -webkit-box;
  display: -webkit-flex;
  display: -ms-flexbox;
  display: flex;
  -webkit-flex-wrap: nowrap;
  -ms-flex-wrap: nowrap;
  flex-wrap: nowrap;
  overflow-x: scroll;
  -webkit-scroll-snap-type: x mandatory;
  -moz-scroll-snap-type: x mandatory;
  -ms-scroll-snap-type: x mandatory;
  scroll-snap-type: x mandatory;
}

<section
  class="c0"
/>
`;
