// Jest Snapshot v1, https://goo.gl/fbAQLP

exports[`ProductInfo renders correctly 1`] = `
.c0 {
  background-color: var(--primary-light-transparent);
  display: grid;
  gap: var(--gap-small);
  padding: 15px 0;
  place-items: center;
  width: 100%;
}

.c1 {
  text-transform: uppercase;
  font-size: 170%;
  -webkit-letter-spacing: 0.25rem;
  -moz-letter-spacing: 0.25rem;
  -ms-letter-spacing: 0.25rem;
  letter-spacing: 0.25rem;
  font-weight: 700;
}

.c2 {
  font-size: 120%;
  color: var(--secondary-dark);
}

<section
  class="c0"
>
  <h1
    class="c1"
  >
    apple
  </h1>
  <span
    class="c2"
  >
    822
     litres / kg
  </span>
</section>
`;
