// Jest Snapshot v1, https://goo.gl/fbAQLP

exports[`ProductInfo renders correctly 1`] = `
.c0 {
  display: grid;
  justify-items: center;
  gap: var(--gap-medium);
}

.c1 {
  color: var(--primary-blue);
  text-transform: uppercase;
  font-weight: 450;
  -webkit-letter-spacing: .15em;
  -moz-letter-spacing: .15em;
  -ms-letter-spacing: .15em;
  letter-spacing: .15em;
}

<section
  class="c0"
>
  <h2
    class="c1"
  >
    apple
  </h2>
  <p>
    virtual water: 
    822
     litres/kg
  </p>
</section>
`;
